../Core/Src/main.c:131:5:main	8	static
../Core/Src/main.c:178:6:SystemClock_Config	72	static
../Core/Src/main.c:218:13:MX_I2C1_Init	8	static
../Core/Src/main.c:252:13:MX_TIM3_Init	32	static
../Core/Src/main.c:297:13:MX_USART1_UART_Init	8	static
../Core/Src/main.c:330:13:MX_GPIO_Init	40	static
../Core/Src/main.c:373:7:calcular_area_mm2	24	static
../Core/Src/main.c:378:7:calcular_desplazamiento_mm	24	static
../Core/Src/main.c:386:17:calcular_parametros_motor	96	static
../Core/Src/main.c:412:6:configurar_timer_motor	16	static
../Core/Src/main.c:420:6:mostrar_menu	40	static
../Core/Src/main.c:454:6:avanzar_menu	8	static
../Core/Src/main.c:464:6:incrementar_valor	8	static
../Core/Src/main.c:488:6:decrementar_valor	8	static
../Core/Src/main.c:515:6:boton_select_callback	24	static
../Core/Src/main.c:532:6:HAL_GPIO_EXTI_Callback	24	static
../Core/Src/main.c:553:6:HAL_TIM_PeriodElapsedCallback	16	static
../Core/Src/main.c:567:6:Error_Handler	4	static,ignoring_inline_asm
